-----------------
INPUT
----------------- 
/** @gqlType */
export default class SomeType {
  /** @gqlField */
  haveBeenGreeted(): boolean {
    return false;
  }
}

-----------------
OUTPUT
-----------------
-- SDL --
type SomeType {
  haveBeenGreeted: Boolean @metadata
}
-- TypeScript --
import { GraphQLSchema, GraphQLObjectType, GraphQLBoolean } from "graphql";
export function getSchema(): GraphQLSchema {
    const SomeTypeType: GraphQLObjectType = new GraphQLObjectType({
        name: "SomeType",
        fields() {
            return {
                haveBeenGreeted: {
                    name: "haveBeenGreeted",
                    type: GraphQLBoolean
                }
            };
        }
    });
    return new GraphQLSchema({
        types: [SomeTypeType]
    });
}
