-----------------
INPUT
----------------- 
/** @gqlType */
class User {
  /**
   * @gqlField name
   * @deprecated
   */
  graphQLName(): string {
    return "Sup";
  }
}

-----------------
OUTPUT
-----------------
-- SDL --
type User {
  name: String @deprecated @metadata(name: "graphQLName")
}
-- TypeScript --
import { GraphQLSchema, GraphQLObjectType, GraphQLString } from "graphql";
export function getSchema(): GraphQLSchema {
    const UserType: GraphQLObjectType = new GraphQLObjectType({
        name: "User",
        fields() {
            return {
                name: {
                    deprecationReason: "No longer supported",
                    name: "name",
                    type: GraphQLString,
                    resolve(source) {
                        return source.graphQLName();
                    }
                }
            };
        }
    });
    return new GraphQLSchema({
        types: [UserType]
    });
}
