-----------------
INPUT
----------------- 
import { Int } from "../../../Types";
/**
 * This is my custom directive.
 * @gqlDirective on ENUM
 */
export function max(args: { foo: Int }) {}

/**
 * @gqlEnum
 * @gqlAnnotate max(foo: 10)
 */
type MyEnum = "A" | "B";

-----------------
OUTPUT
-----------------
-- SDL --
"""This is my custom directive."""
directive @max(foo: Int!) on ENUM

enum MyEnum @max(foo: 10) {
  A
  B
}
-- TypeScript --
import { GraphQLSchema, GraphQLDirective, DirectiveLocation, GraphQLNonNull, GraphQLInt, GraphQLEnumType } from "graphql";
export function getSchema(): GraphQLSchema {
    const MyEnumType: GraphQLEnumType = new GraphQLEnumType({
        name: "MyEnum",
        values: {
            A: {
                value: "A"
            },
            B: {
                value: "B"
            }
        },
        extensions: {
            grats: {
                directives: [{
                        name: "max",
                        args: {
                            foo: 10
                        }
                    }]
            }
        }
    });
    return new GraphQLSchema({
        directives: [new GraphQLDirective({
                name: "max",
                locations: [DirectiveLocation.ENUM],
                description: "This is my custom directive.",
                args: {
                    foo: {
                        type: new GraphQLNonNull(GraphQLInt)
                    }
                }
            })],
        types: [MyEnumType]
    });
}
