-----------------
INPUT
----------------- 
/**
 * The root of all evil.
 *
 * @gqlType
 */
export default class SomeType {
  /** @gqlField */
  hello: string;
}

-----------------
OUTPUT
-----------------
-- SDL --
"""The root of all evil."""
type SomeType @exported(exportName: "SomeType", tsModulePath: "grats/src/tests/fixtures/type_definitions/ClassWithDescription.ts") {
  hello: String @metadata
}
-- TypeScript --
import { SomeType as SomeTypeClass } from "./ClassWithDescription";
import { GraphQLSchema, GraphQLObjectType, GraphQLString } from "graphql";
export function getSchema(): GraphQLSchema {
    const SomeTypeType: GraphQLObjectType = new GraphQLObjectType({
        name: "SomeType",
        description: "The root of all evil.",
        fields() {
            return {
                hello: {
                    name: "hello",
                    type: GraphQLString
                }
            };
        }
    });
    return new GraphQLSchema({
        types: [SomeTypeType]
    });
}
const typeNameMap = new Map();
typeNameMap.set(SomeTypeClass, "SomeType");

function resolveType(obj: any): string {
  if (typeof obj.__typename === "string") {
    return obj.__typename;
  }

  let prototype = Object.getPrototypeOf(obj);
  while (prototype) {
    const name = typeNameMap.get(prototype.constructor);
    if (name != null) {
      return name;
    }
    prototype = Object.getPrototypeOf(prototype);
  }

  throw new Error("Cannot find type name");
}