-----------------
INPUT
----------------- 
/**
 *
 *
 *
 *
 *
 *
 *
 *
 *
 * Sup
 *
 *
 *
 *
 *
 *
 *
 *
 * @gqlType
 */
class SomeType {
  /** @gqlField */
  name: string;
}

-----------------
OUTPUT
-----------------
-- SDL --
"""Sup"""
type SomeType {
  name: String
}
-- TypeScript --
import { GraphQLSchema, GraphQLObjectType, GraphQLString } from "graphql";
export function getSchema(): GraphQLSchema {
    const SomeTypeType: GraphQLObjectType = new GraphQLObjectType({
        name: "SomeType",
        description: "Sup",
        fields() {
            return {
                name: {
                    name: "name",
                    type: GraphQLString
                }
            };
        }
    });
    return new GraphQLSchema({
        types: [SomeTypeType]
    });
}
